// Jest Snapshot v1, https://goo.gl/fbAQLP

exports[`<Footer /> should render the footer 1`] = `
.c1 {
  font-size: calc(1.6rem + 0.2rem);
  line-height: 1.5;
}

.c1 p {
  margin: 4.0rem 0;
}

.c1 a,
.c1 a:visited,
.c1 a:link {
  color: #dc143c;
  -webkit-text-decoration: none;
  text-decoration: none;
  -webkit-transition: all 0.2s ease-in-out;
  transition: all 0.2s ease-in-out;
}

.c1 a:hover {
  -webkit-filter: brightness(0.8);
  filter: brightness(0.8);
}

.c1 code {
  font-family: monospace;
  color: #dc143c;
  font-size: 1.6rem;
  background: #DDDDDD;
  padding: 0.2rem;
  margin: 0.2rem;
}

.c1 pre {
  background: #000000;
  padding: 2.4rem;
  font-family: monospace;
  color: #FAFAFA;
  margin: 2.4rem 0;
  width: 100%;
  overflow-x: auto;
  font-size: 1.6rem;
}

.c1 pre code {
  color: inherit;
  background: inherit;
}

.c1 hr {
  border: none;
  border-bottom: 0.1rem solid #DDDDDD;
}

.c1 img {
  max-width: 100%;
}

.c1 .image {
  background: #DDDDDD;
  line-height: 0;
  margin: 2.4rem 0;
}

.c1 .image figcaption {
  font-size: 1.6rem;
  padding: 0.8rem;
  text-align: center;
  line-height: 1.3;
}

.c1 ul,
.c1 ol {
  margin: 2.4rem 4.0rem;
}

.c1 .table {
  width: 100%;
  overflow: hidden;
  overflow-x: auto;
}

.c1 table {
  width: 100%;
  border-collapse: collapse;
  margin: 2.4rem 0;
}

.c1 table td,
.c1 table th {
  padding: 1.6rem;
  border: 0.1rem solid #DDDDDD;
}

.c1 blockquote {
  border-left: 0.5rem solid #dc143c;
  color: #AAAAAA;
  -webkit-filter: brightness(80%);
  filter: brightness(80%);
  padding-left: 2.4rem;
  font-style: italic;
  margin: 2.4rem;
}

.c0 {
  text-align: center;
  border-top: 0.1rem solid #DDDDDD;
}

.c0 a {
  color: inherit;
  -webkit-text-decoration: none;
  text-decoration: none;
}

@media (min-width:768px) {
  .c1 .image-style-side {
    float: right;
    max-width: 50%;
    margin: 2.4rem;
  }
}

@media (max-width:768px) {
  .c1 {
    font-size: 2rem;
  }
}

<div>
  <footer
    class="c0"
  >
    <div
      class="c1"
    >
      <h1>
        Hello
      </h1>
    </div>
  </footer>
</div>
`
