// Jest Snapshot v1, https://goo.gl/fbAQLP

exports[`<Menu /> should match snapshot 1`] = `
.c2 {
  display: inline-block;
  vertical-align: middle;
  overflow: hidden;
}

.c0 {
  z-index: 9;
  -webkit-transition: background 0.2s ease-in-out;
  transition: background 0.2s ease-in-out;
}

.c3 {
  background: #000000;
  padding: 3.2rem;
  display: -webkit-box;
  display: -webkit-flex;
  display: -ms-flexbox;
  display: flex;
  position: fixed;
  width: 100%;
  max-width: 26rem;
  height: 100vh;
  top: 0;
  -webkit-transition: all 0.3s ease-in-out;
  transition: all 0.3s ease-in-out;
  left: -24rem;
  overflow-y: hidden;
}

.c4 {
  margin: 4.8rem auto;
  width: 100%;
}

.c1 {
  position: fixed;
  top: 2.4rem;
  background: #000000;
  z-index: 2;
  width: 3rem;
  height: 3rem;
  -webkit-transition: all 0.3s ease-in-out;
  transition: all 0.3s ease-in-out;
  left: 0.5rem;
  top: 2rem;
  color: #FFFFFF;
}

.c5 {
  display: block;
  color: #FFFFFF;
  -webkit-text-decoration: none;
  text-decoration: none;
  margin-bottom: 1.6rem;
  font-size: 1.8rem;
  border-right: 0.5rem solid #000000;
  -webkit-transition: all 0.3s ease-in-out;
  transition: all 0.3s ease-in-out;
}

.c5:hover {
  border-color: #dc143c;
  color: #dc143c;
}

@media (max-width:768px) {
  .c3 {
    left: -26rem;
  }
}

@media (max-width:768px) {
  .c1 {
    left: 0rem;
  }
}

<div>
  <div
    class="c0"
  >
    <a
      aria-label="Open or close menu"
      class="c1"
      href="#"
      title="Open menu"
    >
      <svg
        aria-hidden="true"
        aria-label="Open menu"
        class="c2"
        fill="currentColor"
        focusable="false"
        viewBox="0 0 24 24"
        xmlns="http://www.w3.org/2000/svg"
      >
        <path
          d="M0 0h24v24H0V0z"
          fill="none"
        />
        <path
          d="M3 18h18v-2H3v2zm0-5h18v-2H3v2zm0-7v2h18V6H3z"
        />
      </svg>
    </a>
    <main
      aria-hidden="true"
      class="c3"
    >
      <nav
        class="c4"
      >
        <a
          class="c5"
          href="/home/1"
          target="_self"
        >
          My jobs
        </a>
        <a
          class="c5"
          href="/home/2"
          target="_self"
        >
          About me
        </a>
        <a
          class="c5"
          href="/home/3"
          target="_self"
        >
          Services
        </a>
        <a
          class="c5"
          href="http://localhost/home/4"
          target="_self"
        >
          External Link
        </a>
        <a
          class="c5"
          href="/home/5"
          target="_self"
        >
          JavaScript
        </a>
        <a
          class="c5"
          href="/home/6"
          target="_self"
        >
          Python
        </a>
        <a
          class="c5"
          href="/home/7"
          target="_self"
        >
          Consectetur
        </a>
        <a
          class="c5"
          href="/home/8"
          target="_self"
        >
          Text test
        </a>
        <a
          class="c5"
          href="/home/9"
          target="_self"
        >
          Pac-man
        </a>
        <a
          class="c5"
          href="/home/10"
          target="_self"
        >
          Star Wars
        </a>
        <a
          class="c5"
          href="/home/11"
          target="_self"
        >
          A menu
        </a>
      </nav>
    </main>
  </div>
</div>
`
