// Jest Snapshot v1, https://goo.gl/fbAQLP

exports[`<MenuLink /> should render open in a new tab 1`] = `
.c0 {
  display: block;
  color: #FAFAFA;
  -webkit-text-decoration: none;
  text-decoration: none;
  font-size: 1.8rem;
  -webkit-transition: all 0.3s ease-in-out;
  transition: all 0.3s ease-in-out;
}

.c0:hover {
  color: #dc143c;
}

<a
  class="c0"
  href="http://localhost"
  target="_blank"
>
  Children
</a>
`
