// Jest Snapshot v1, https://goo.gl/fbAQLP

exports[
  `<ArticleHeader /> should render heading, excerpt, cover img and meta 1`
] = `
.c5 {
  font-size: 1.6rem;
  color: #AAAAAA;
  font-style: italic;
}

.c5 .categories span:not(:last-child):after {
  content: ', ';
}

.c5 a {
  color: #dc143c;
  -webkit-text-decoration: none;
  text-decoration: none;
  -webkit-transition: all 0.2s ease-in-out;
  transition: all 0.2s ease-in-out;
}

.c5 a:hover {
  -webkit-filter: brightness(0.5);
  filter: brightness(0.5);
}

.c2 {
  color: #000000;
  line-height: 1.2;
  font-size: 4.0rem;
  text-transform: none;
}

.c0 {
  padding-bottom: 4.0rem;
  margin-bottom: 4.0rem;
  border-bottom: 0.1rem solid #DDDDDD;
}

.c0 .c1 {
  margin: 0;
  margin-bottom: 2.4rem;
  font-size: 3.2rem;
}

.c3 {
  margin: 2.4rem 0;
  font-size: calc(2.4rem * 0.9);
}

.c4 {
  max-width: 100%;
  display: block;
  margin-bottom: 2.4rem;
}

@media (max-width:768px) {
  .c2 {
    font-size: calc(1.6rem * 1.2);
  }
}

<div>
  <header
    class="c0"
  >
    <h1
      class="c1 c2"
    >
      Al Sadd anuncia acordo para liberar Xavi, mas Barcelona nega
    </h1>
    <p
      class="c3"
    >
      A novela continua: Barcelona vê em anúncio de acerto do Al Sadd como uma forma de pressão para o pagamento da multa.
    </p>
    <img
      alt=""
      class="c4"
      src="https://res.cloudinary.com/rabbitz/image/upload/v1636129235/Xavi_Hernandez_Barcelona_c60f5b3e16.jpg"
    />
    <div
      class="c5"
    >
      <p>
        <span>
          Por 
        </span>
        <a
          href="/author/pedro-coelho"
        >
          Pedro Coelho
        </a>
        <span
          class="separator"
        >
           em 
        </span>
        <time
          datetime="2020-04-20"
        >
          19 de abr. de 2020
        </time>
        <span
          class="separator"
        >
           - 
        </span>
        <span
          class="categories"
        >
          <span>
            <a
              href="/category/futebol"
            >
              Futebol
            </a>
          </span>
        </span>
      </p>
    </div>
  </header>
</div>
`
